// Jest Snapshot v1, https://goo.gl/fbAQLP

exports[`matches snapshot 1`] = `
<nav
  className="sc-fzokOt elRpbE"
>
  <a
    className="sc-fzoLag cmtKpX logoContainer"
    href="/"
    onClick={[Function]}
  >
    <img
      alt="codebar-logo"
      className="sc-fznKkj lbPMLS logo"
      src="website-logo.png"
    />
  </a>
  <div
    className="sc-fzqBZW bbFqsF"
    onClick={[Function]}
    open={false}
  >
    <div />
    <div />
    <div />
  </div>
  <ul
    className="sc-fzqNJr iLhHCT"
    open={false}
  >
    <li>
      <a
        className="sc-fzoLag cmtKpX About"
        href="/about"
        onClick={[Function]}
      >
        About
      </a>
    </li>
    <li>
      <a
        className="sc-fzoLag cmtKpX Sponsors"
        href="/sponsors"
        onClick={[Function]}
      >
        Sponsors
      </a>
    </li>
    <li>
      <a
        className="sc-fzoLag cmtKpX Organisers"
        href="/organisers"
        onClick={[Function]}
      >
        Organisers
      </a>
    </li>
    <li>
      <a
        className="sc-fznZeY htQcIw Codebar"
        href="https://codebar.io/"
        target="_blank"
      >
        codebar.io
      </a>
    </li>
    <li>
      <a
        className="sc-fzoyAV jbtFyd Donate"
        href="https://codebar.enthuse.com/donate/#!/"
        target="_blank"
      >
        Donate
      </a>
    </li>
  </ul>
</nav>
`;
